Mika.Okochi@MacBook-Air lesson % git init
Reinitialized existing Git repository in /Users/Mika.Okochi/Desktop/lesson/.git/

手動でローカルリポジトリとMacのテキストエディタでhello_world.txtを作成

Mika.Okochi@MacBook-Air git_challenge % git add hello_world.txt

Mika.Okochi@MacBook-Air git_challenge % git commit -m "hello_world.txtを追加"
[main (root-commit) 0e349e2] hello_world.txtを追加
 1 file changed, 2 insertions(+)
 create mode 100644 hello_world.txt

Mika.Okochi@MacBook-Air git_challenge % git commit -m "日本語訳を追記"
[main 358889f] 日本語訳を追記
 1 file changed, 1 insertion(+)

ika.Okochi@MacBook-Air git_challenge % git log --oneline
358889f (HEAD -> main) 日本語訳を追記
0e349e2 hello_world.txtを追加

















