Mika.Okochi@MacBook-Air git_challenge % git init
Initialized empty Git repository in /Users/Mika.Okochi/Desktop/lesson/git_challenge/.git/
Mika.Okochi@MacBook-Air git_challenge % git add hello_world.txt              
Mika.Okochi@MacBook-Air git_challenge % git commit -m "hello_world.txtを追加"
[main (root-commit) 052d795] hello_world.txtを追加
 1 file changed, 1 insertion(+)
 create mode 100644 hello_world.txt
Mika.Okochi@MacBook-Air git_challenge % git add hello_world.txt              
Mika.Okochi@MacBook-Air git_challenge % git commit -m "日本訳を追記"         
[main 8691407] 日本訳を追記
 1 file changed, 1 insertion(+)
Mika.Okochi@MacBook-Air git_challenge % git log --oneline
8691407 (HEAD -> main) 日本訳を追記
052d795 hello_world.txtを追加
Mika.Okochi@MacBook-Air git_challenge % 
